// Vitest Snapshot v1, https://vitest.dev/guide/snapshot.html

exports[`content baseline (golden master) > casebook structure is unchanged 1`] = `
[
  {
    "choiceCount": 4,
    "correctIndex": 1,
    "id": "c2.2-1",
    "ruleReference": "C2.2.F",
    "sectionId": "gameplay",
    "skillLevels": [
      "L1",
      "L2",
      "L3",
    ],
  },
  {
    "choiceCount": 4,
    "correctIndex": 1,
    "id": "c2.2.1-1",
    "ruleReference": "C2.2.1.A",
    "sectionId": "gameplay",
    "skillLevels": [
      "L1",
      "L2",
      "L3",
    ],
  },
  {
    "choiceCount": 4,
    "correctIndex": 1,
    "id": "c2.2.1-2",
    "ruleReference": "C2.2.1.B",
    "sectionId": "gameplay",
    "skillLevels": [
      "L1",
      "L2",
      "L3",
    ],
  },
  {
    "choiceCount": 4,
    "correctIndex": 1,
    "id": "c2.2.2-1",
    "ruleReference": "C2.2.2.A",
    "sectionId": "gameplay",
    "skillLevels": [
      "L1",
      "L2",
      "L3",
    ],
  },
  {
    "choiceCount": 4,
    "correctIndex": 2,
    "id": "c2.2.2-2",
    "ruleReference": "C2.2.2.B",
    "sectionId": "gameplay",
    "skillLevels": [
      "L1",
      "L2",
      "L3",
    ],
  },
  {
    "choiceCount": 4,
    "correctIndex": 1,
    "id": "c2.2.2-3",
    "ruleReference": "C2.2.2.C",
    "sectionId": "gameplay",
    "skillLevels": [
      "L1",
      "L2",
      "L3",
    ],
  },
  {
    "choiceCount": 4,
    "correctIndex": 0,
    "id": "c2.2.2-4",
    "ruleReference": "C2.2.2.D",
    "sectionId": "gameplay",
    "skillLevels": [
      "L2",
      "L3",
    ],
  },
  {
    "choiceCount": 4,
    "correctIndex": 1,
    "id": "c2.2.2-5",
    "ruleReference": "C2.2.2.E",
    "sectionId": "gameplay",
    "skillLevels": [
      "L2",
      "L3",
    ],
  },
  {
    "choiceCount": 4,
    "correctIndex": 1,
    "id": "c2.2.2-6",
    "ruleReference": "C2.2.2.F",
    "sectionId": "gameplay",
    "skillLevels": [
      "L1",
      "L2",
      "L3",
    ],
  },
  {
    "choiceCount": 4,
    "correctIndex": 2,
    "id": "c2.2.4-1",
    "ruleReference": "C2.2.4.A",
    "sectionId": "gameplay",
    "skillLevels": [
      "L1",
      "L2",
      "L3",
    ],
  },
  {
    "choiceCount": 4,
    "correctIndex": 1,
    "id": "c2.2.4-2",
    "ruleReference": "C2.2.4.B",
    "sectionId": "gameplay",
    "skillLevels": [
      "L1",
      "L2",
      "L3",
    ],
  },
  {
    "choiceCount": 4,
    "correctIndex": 1,
    "id": "c2.2.4-3",
    "ruleReference": "C2.2.4.C",
    "sectionId": "gameplay",
    "skillLevels": [
      "L1",
      "L2",
      "L3",
    ],
  },
  {
    "choiceCount": 4,
    "correctIndex": 1,
    "id": "c2.2.4-4",
    "ruleReference": "C2.2.4.D",
    "sectionId": "gameplay",
    "skillLevels": [
      "L1",
      "L2",
      "L3",
    ],
  },
  {
    "choiceCount": 4,
    "correctIndex": 1,
    "id": "c2.2.4-5",
    "ruleReference": "C2.2.4.E",
    "sectionId": "gameplay",
    "skillLevels": [
      "L1",
      "L2",
      "L3",
    ],
  },
  {
    "choiceCount": 4,
    "correctIndex": 1,
    "id": "c2.2.4-6",
    "ruleReference": "C2.2.4.F",
    "sectionId": "gameplay",
    "skillLevels": [
      "L1",
      "L2",
      "L3",
    ],
  },
  {
    "choiceCount": 4,
    "correctIndex": 1,
    "id": "c2.2.6-1",
    "ruleReference": "C2.2.6.A",
    "sectionId": "gameplay",
    "skillLevels": [
      "L1",
      "L2",
      "L3",
    ],
  },
  {
    "choiceCount": 4,
    "correctIndex": 1,
    "id": "c2.2.6-2",
    "ruleReference": "C2.2.6.B",
    "sectionId": "gameplay",
    "skillLevels": [
      "L1",
      "L2",
      "L3",
    ],
  },
  {
    "choiceCount": 4,
    "correctIndex": 2,
    "id": "c2.2.6-3",
    "ruleReference": "C2.2.6.C",
    "sectionId": "gameplay",
    "skillLevels": [
      "L1",
      "L2",
      "L3",
    ],
  },
  {
    "choiceCount": 4,
    "correctIndex": 1,
    "id": "c2.2.6-4",
    "ruleReference": "C2.2.6.D",
    "sectionId": "gameplay",
    "skillLevels": [
      "L1",
      "L2",
      "L3",
    ],
  },
  {
    "choiceCount": 4,
    "correctIndex": 1,
    "id": "c2.2.6-5",
    "ruleReference": "C2.2.6.E",
    "sectionId": "gameplay",
    "skillLevels": [
      "L1",
      "L2",
      "L3",
    ],
  },
  {
    "choiceCount": 4,
    "correctIndex": 1,
    "id": "c2.2.6-6",
    "ruleReference": "C2.2.6.F",
    "sectionId": "gameplay",
    "skillLevels": [
      "L1",
      "L2",
      "L3",
    ],
  },
  {
    "choiceCount": 4,
    "correctIndex": 1,
    "id": "c2.2.6-7",
    "ruleReference": "C2.2.6.GH",
    "sectionId": "gameplay",
    "skillLevels": [
      "L1",
      "L2",
      "L3",
    ],
  },
  {
    "choiceCount": 4,
    "correctIndex": 1,
    "id": "c2.3-1",
    "ruleReference": "C2.3.A",
    "sectionId": "gameplay",
    "skillLevels": [
      "L1",
      "L2",
      "L3",
    ],
  },
  {
    "choiceCount": 4,
    "correctIndex": 2,
    "id": "c2.3-2",
    "ruleReference": "C2.3.B",
    "sectionId": "gameplay",
    "skillLevels": [
      "L1",
      "L2",
      "L3",
    ],
  },
  {
    "choiceCount": 4,
    "correctIndex": 1,
    "id": "c2.5-1",
    "ruleReference": "C2.5.A",
    "sectionId": "gameplay",
    "skillLevels": [
      "L1",
      "L2",
      "L3",
    ],
  },
  {
    "choiceCount": 4,
    "correctIndex": 2,
    "id": "c3.1-1",
    "ruleReference": "C3.1.A",
    "sectionId": "scoring",
    "skillLevels": [
      "L2",
      "L3",
    ],
  },
  {
    "choiceCount": 4,
    "correctIndex": 1,
    "id": "c3.1-2",
    "ruleReference": "C3.1.B",
    "sectionId": "scoring",
    "skillLevels": [
      "L1",
      "L2",
      "L3",
    ],
  },
  {
    "choiceCount": 4,
    "correctIndex": 2,
    "id": "c3.1-3",
    "ruleReference": "C3.1.D",
    "sectionId": "scoring",
    "skillLevels": [
      "L1",
      "L2",
      "L3",
    ],
  },
  {
    "choiceCount": 4,
    "correctIndex": 1,
    "id": "c3.2-1",
    "ruleReference": "C3.2.B",
    "sectionId": "scoring",
    "skillLevels": [
      "L1",
      "L2",
      "L3",
    ],
  },
  {
    "choiceCount": 4,
    "correctIndex": 3,
    "id": "c3.2-2",
    "ruleReference": "C3.2.C",
    "sectionId": "scoring",
    "skillLevels": [
      "L1",
      "L2",
      "L3",
    ],
  },
  {
    "choiceCount": 4,
    "correctIndex": 1,
    "id": "c3.2-3",
    "ruleReference": "C3.2.D",
    "sectionId": "scoring",
    "skillLevels": [
      "L1",
      "L2",
      "L3",
    ],
  },
  {
    "choiceCount": 4,
    "correctIndex": 1,
    "id": "c3.3-1",
    "ruleReference": "C3.3.A",
    "sectionId": "scoring",
    "skillLevels": [
      "L1",
      "L2",
      "L3",
    ],
  },
  {
    "choiceCount": 4,
    "correctIndex": 1,
    "id": "c3.3-2",
    "ruleReference": "C3.3.B",
    "sectionId": "scoring",
    "skillLevels": [
      "L2",
      "L3",
    ],
  },
  {
    "choiceCount": 4,
    "correctIndex": 3,
    "id": "c3.3-3",
    "ruleReference": "C3.3.C",
    "sectionId": "scoring",
    "skillLevels": [
      "L1",
      "L2",
      "L3",
    ],
  },
  {
    "choiceCount": 4,
    "correctIndex": 3,
    "id": "c3.3-4",
    "ruleReference": "C3.3.D",
    "sectionId": "scoring",
    "skillLevels": [
      "L1",
      "L2",
      "L3",
    ],
  },
  {
    "choiceCount": 4,
    "correctIndex": 2,
    "id": "c3.3-5",
    "ruleReference": "C3.3.E",
    "sectionId": "scoring",
    "skillLevels": [
      "L1",
      "L2",
      "L3",
    ],
  },
  {
    "choiceCount": 4,
    "correctIndex": 3,
    "id": "c3.3-6",
    "ruleReference": "C3.3.F",
    "sectionId": "scoring",
    "skillLevels": [
      "L1",
      "L2",
      "L3",
    ],
  },
  {
    "choiceCount": 4,
    "correctIndex": 1,
    "id": "c3.3-7",
    "ruleReference": "C3.3.I",
    "sectionId": "scoring",
    "skillLevels": [
      "L1",
      "L2",
      "L3",
    ],
  },
  {
    "choiceCount": 4,
    "correctIndex": 1,
    "id": "c3.3-8",
    "ruleReference": "C3.3.J",
    "sectionId": "scoring",
    "skillLevels": [
      "L1",
      "L2",
      "L3",
    ],
  },
  {
    "choiceCount": 4,
    "correctIndex": 3,
    "id": "c3.4-1",
    "ruleReference": "C3.4.A",
    "sectionId": "scoring",
    "skillLevels": [
      "L1",
      "L2",
      "L3",
    ],
  },
  {
    "choiceCount": 4,
    "correctIndex": 2,
    "id": "c4.1.1-1",
    "ruleReference": "C4.1.1.A",
    "sectionId": "penalties",
    "skillLevels": [
      "L1",
      "L2",
      "L3",
    ],
  },
  {
    "choiceCount": 4,
    "correctIndex": 2,
    "id": "c4.1.1-2",
    "ruleReference": "C4.1.1.B",
    "sectionId": "penalties",
    "skillLevels": [
      "L1",
      "L2",
      "L3",
    ],
  },
  {
    "choiceCount": 4,
    "correctIndex": 1,
    "id": "c4.1.1-3",
    "ruleReference": "C4.1.1.C",
    "sectionId": "penalties",
    "skillLevels": [
      "L1",
      "L2",
      "L3",
    ],
  },
  {
    "choiceCount": 4,
    "correctIndex": 1,
    "id": "c4.1.1-4",
    "ruleReference": "C4.1.1.D",
    "sectionId": "penalties",
    "skillLevels": [
      "L1",
      "L2",
      "L3",
    ],
  },
  {
    "choiceCount": 4,
    "correctIndex": 2,
    "id": "c4.1.1-5",
    "ruleReference": "C4.1.1.E",
    "sectionId": "penalties",
    "skillLevels": [
      "L1",
      "L2",
      "L3",
    ],
  },
  {
    "choiceCount": 4,
    "correctIndex": 2,
    "id": "c4.1.1-6",
    "ruleReference": "C4.1.1.F",
    "sectionId": "penalties",
    "skillLevels": [
      "L1",
      "L2",
      "L3",
    ],
  },
  {
    "choiceCount": 4,
    "correctIndex": 2,
    "id": "c4.1.1-7",
    "ruleReference": "C4.1.1.G",
    "sectionId": "penalties",
    "skillLevels": [
      "L1",
      "L2",
      "L3",
    ],
  },
  {
    "choiceCount": 4,
    "correctIndex": 2,
    "id": "c4.1.1-8",
    "ruleReference": "C4.1.1.H",
    "sectionId": "penalties",
    "skillLevels": [
      "L1",
      "L2",
      "L3",
    ],
  },
  {
    "choiceCount": 4,
    "correctIndex": 1,
    "id": "c4.1.1-9",
    "ruleReference": "C4.1.1.I",
    "sectionId": "penalties",
    "skillLevels": [
      "L1",
      "L2",
      "L3",
    ],
  },
  {
    "choiceCount": 4,
    "correctIndex": 2,
    "id": "c4.1.1-10",
    "ruleReference": "C4.1.1.J",
    "sectionId": "penalties",
    "skillLevels": [
      "L1",
      "L2",
      "L3",
    ],
  },
  {
    "choiceCount": 4,
    "correctIndex": 1,
    "id": "c4.1.2-1",
    "ruleReference": "C4.1.2.A",
    "sectionId": "penalties",
    "skillLevels": [
      "L1",
      "L2",
      "L3",
    ],
  },
  {
    "choiceCount": 4,
    "correctIndex": 2,
    "id": "c4.1.2-2",
    "ruleReference": "C4.1.2.B",
    "sectionId": "penalties",
    "skillLevels": [
      "L1",
      "L2",
      "L3",
    ],
  },
  {
    "choiceCount": 4,
    "correctIndex": 2,
    "id": "c4.1.2-3",
    "ruleReference": "C4.1.2.D",
    "sectionId": "penalties",
    "skillLevels": [
      "L1",
      "L2",
      "L3",
    ],
  },
  {
    "choiceCount": 4,
    "correctIndex": 2,
    "id": "c4.1.2-4",
    "ruleReference": "C4.1.2.E",
    "sectionId": "penalties",
    "skillLevels": [
      "L1",
      "L2",
      "L3",
    ],
  },
  {
    "choiceCount": 4,
    "correctIndex": 2,
    "id": "c4.1.2-5",
    "ruleReference": "C4.1.2.F",
    "sectionId": "penalties",
    "skillLevels": [
      "L1",
      "L2",
      "L3",
    ],
  },
  {
    "choiceCount": 4,
    "correctIndex": 2,
    "id": "c4.1.2-6",
    "ruleReference": "C4.1.2.G",
    "sectionId": "penalties",
    "skillLevels": [
      "L1",
      "L2",
      "L3",
    ],
  },
  {
    "choiceCount": 4,
    "correctIndex": 1,
    "id": "c4.1.2-7",
    "ruleReference": "C4.1.2.H",
    "sectionId": "penalties",
    "skillLevels": [
      "L1",
      "L2",
      "L3",
    ],
  },
  {
    "choiceCount": 4,
    "correctIndex": 1,
    "id": "c4.1.2-8",
    "ruleReference": "C4.1.2.I",
    "sectionId": "penalties",
    "skillLevels": [
      "L1",
      "L2",
      "L3",
    ],
  },
  {
    "choiceCount": 4,
    "correctIndex": 2,
    "id": "c4.1.3-1",
    "ruleReference": "C4.1.3.A",
    "sectionId": "penalties",
    "skillLevels": [
      "L1",
      "L2",
      "L3",
    ],
  },
  {
    "choiceCount": 4,
    "correctIndex": 2,
    "id": "c4.1.3-2",
    "ruleReference": "C4.1.3.B",
    "sectionId": "penalties",
    "skillLevels": [
      "L1",
      "L2",
      "L3",
    ],
  },
  {
    "choiceCount": 4,
    "correctIndex": 2,
    "id": "c4.1.3-3",
    "ruleReference": "C4.1.3.C",
    "sectionId": "penalties",
    "skillLevels": [
      "L1",
      "L2",
      "L3",
    ],
  },
  {
    "choiceCount": 4,
    "correctIndex": 3,
    "id": "c4.1.3-4",
    "ruleReference": "C4.1.3.D",
    "sectionId": "penalties",
    "skillLevels": [
      "L1",
      "L2",
      "L3",
    ],
  },
  {
    "choiceCount": 4,
    "correctIndex": 2,
    "id": "c4.1.3-5",
    "ruleReference": "C4.1.3.E",
    "sectionId": "penalties",
    "skillLevels": [
      "L1",
      "L2",
      "L3",
    ],
  },
  {
    "choiceCount": 4,
    "correctIndex": 1,
    "id": "c4.1.3-6",
    "ruleReference": "C4.1.3.F",
    "sectionId": "penalties",
    "skillLevels": [
      "L1",
      "L2",
      "L3",
    ],
  },
  {
    "choiceCount": 4,
    "correctIndex": 2,
    "id": "c4.1.3-7",
    "ruleReference": "C4.1.3.G",
    "sectionId": "penalties",
    "skillLevels": [
      "L1",
      "L2",
      "L3",
    ],
  },
  {
    "choiceCount": 4,
    "correctIndex": 2,
    "id": "c4.1.3-8",
    "ruleReference": "C4.1.3.H",
    "sectionId": "penalties",
    "skillLevels": [
      "L1",
      "L2",
      "L3",
    ],
  },
  {
    "choiceCount": 4,
    "correctIndex": 2,
    "id": "c4.1.3-9",
    "ruleReference": "C4.1.3.I",
    "sectionId": "penalties",
    "skillLevels": [
      "L1",
      "L2",
      "L3",
    ],
  },
  {
    "choiceCount": 4,
    "correctIndex": 2,
    "id": "c4.1.3-10",
    "ruleReference": "C4.1.3.J",
    "sectionId": "penalties",
    "skillLevels": [
      "L1",
      "L2",
      "L3",
    ],
  },
  {
    "choiceCount": 4,
    "correctIndex": 1,
    "id": "c4.1.4-1",
    "ruleReference": "C4.1.4.A",
    "sectionId": "penalties",
    "skillLevels": [
      "L1",
      "L2",
      "L3",
    ],
  },
  {
    "choiceCount": 4,
    "correctIndex": 2,
    "id": "c4.1.5-1",
    "ruleReference": "C4.1.5.A",
    "sectionId": "penalties",
    "skillLevels": [
      "L1",
      "L2",
      "L3",
    ],
  },
  {
    "choiceCount": 4,
    "correctIndex": 2,
    "id": "c4.1.5-2",
    "ruleReference": "C4.1.5.B",
    "sectionId": "penalties",
    "skillLevels": [
      "L1",
      "L2",
      "L3",
    ],
  },
  {
    "choiceCount": 4,
    "correctIndex": 3,
    "id": "c4.1.5-3",
    "ruleReference": "C4.1.5.C",
    "sectionId": "penalties",
    "skillLevels": [
      "L1",
      "L2",
      "L3",
    ],
  },
  {
    "choiceCount": 4,
    "correctIndex": 2,
    "id": "c4.1.5-4",
    "ruleReference": "C4.1.5.D",
    "sectionId": "penalties",
    "skillLevels": [
      "L1",
      "L2",
      "L3",
    ],
  },
  {
    "choiceCount": 4,
    "correctIndex": 2,
    "id": "c4.1.5-5",
    "ruleReference": "C4.1.5.E",
    "sectionId": "penalties",
    "skillLevels": [
      "L1",
      "L2",
      "L3",
    ],
  },
  {
    "choiceCount": 4,
    "correctIndex": 1,
    "id": "c4.1.5-6",
    "ruleReference": "C4.1.5.F",
    "sectionId": "penalties",
    "skillLevels": [
      "L1",
      "L2",
      "L3",
    ],
  },
  {
    "choiceCount": 4,
    "correctIndex": 1,
    "id": "jc4.1.5-1",
    "ruleReference": "JC4.1.5.A",
    "sectionId": "penalties",
    "skillLevels": [
      "L1",
    ],
  },
  {
    "choiceCount": 4,
    "correctIndex": 2,
    "id": "jc4.1.5-2",
    "ruleReference": "JC4.1.5.B",
    "sectionId": "penalties",
    "skillLevels": [
      "L1",
    ],
  },
  {
    "choiceCount": 4,
    "correctIndex": 2,
    "id": "jc4.1.5-3",
    "ruleReference": "JC4.1.5.C",
    "sectionId": "penalties",
    "skillLevels": [
      "L1",
    ],
  },
  {
    "choiceCount": 4,
    "correctIndex": 1,
    "id": "jc4.1.5-4",
    "ruleReference": "JC4.1.5.D",
    "sectionId": "penalties",
    "skillLevels": [
      "L2",
    ],
  },
  {
    "choiceCount": 4,
    "correctIndex": 1,
    "id": "jc4.1.5-5",
    "ruleReference": "JC4.1.5.E",
    "sectionId": "penalties",
    "skillLevels": [
      "L2",
    ],
  },
  {
    "choiceCount": 4,
    "correctIndex": 2,
    "id": "jc4.1.5-6",
    "ruleReference": "JC4.1.5.F",
    "sectionId": "penalties",
    "skillLevels": [
      "L2",
    ],
  },
  {
    "choiceCount": 4,
    "correctIndex": 2,
    "id": "jc4.1.5-7",
    "ruleReference": "JC4.1.5.G",
    "sectionId": "penalties",
    "skillLevels": [
      "L2",
    ],
  },
  {
    "choiceCount": 4,
    "correctIndex": 2,
    "id": "c4.2.1-1",
    "ruleReference": "C4.2.1.A",
    "sectionId": "penalties",
    "skillLevels": [
      "L1",
      "L2",
      "L3",
    ],
  },
  {
    "choiceCount": 4,
    "correctIndex": 1,
    "id": "c4.2.1-2",
    "ruleReference": "C4.2.1.B",
    "sectionId": "penalties",
    "skillLevels": [
      "L1",
      "L2",
      "L3",
    ],
  },
  {
    "choiceCount": 4,
    "correctIndex": 1,
    "id": "c4.2.1-3",
    "ruleReference": "C4.2.1.C",
    "sectionId": "penalties",
    "skillLevels": [
      "L1",
      "L2",
      "L3",
    ],
  },
  {
    "choiceCount": 4,
    "correctIndex": 2,
    "id": "c4.2.1-4",
    "ruleReference": "C4.2.1.D",
    "sectionId": "penalties",
    "skillLevels": [
      "L1",
      "L2",
      "L3",
    ],
  },
  {
    "choiceCount": 4,
    "correctIndex": 1,
    "id": "c4.2.1-5",
    "ruleReference": "C4.2.1.E",
    "sectionId": "penalties",
    "skillLevels": [
      "L1",
      "L2",
      "L3",
    ],
  },
  {
    "choiceCount": 4,
    "correctIndex": 1,
    "id": "c4.2.1-6",
    "ruleReference": "C4.2.1.F",
    "sectionId": "penalties",
    "skillLevels": [
      "L1",
      "L2",
      "L3",
    ],
  },
  {
    "choiceCount": 4,
    "correctIndex": 2,
    "id": "c4.2.1-7",
    "ruleReference": "C4.2.1.G",
    "sectionId": "penalties",
    "skillLevels": [
      "L1",
      "L2",
      "L3",
    ],
  },
  {
    "choiceCount": 4,
    "correctIndex": 2,
    "id": "c4.2.1-8",
    "ruleReference": "C4.2.1.H",
    "sectionId": "penalties",
    "skillLevels": [
      "L1",
      "L2",
      "L3",
    ],
  },
  {
    "choiceCount": 4,
    "correctIndex": 2,
    "id": "c4.2.1-9",
    "ruleReference": "C4.2.1.I",
    "sectionId": "penalties",
    "skillLevels": [
      "L1",
      "L2",
      "L3",
    ],
  },
  {
    "choiceCount": 4,
    "correctIndex": 2,
    "id": "c4.2.1-10",
    "ruleReference": "C4.2.1.J",
    "sectionId": "penalties",
    "skillLevels": [
      "L1",
      "L2",
      "L3",
    ],
  },
  {
    "choiceCount": 4,
    "correctIndex": 1,
    "id": "c4.2.1-11",
    "ruleReference": "C4.2.1.K",
    "sectionId": "penalties",
    "skillLevels": [
      "L1",
      "L2",
      "L3",
    ],
  },
  {
    "choiceCount": 4,
    "correctIndex": 1,
    "id": "c4.2.1-12",
    "ruleReference": "C4.2.1.L",
    "sectionId": "penalties",
    "skillLevels": [
      "L1",
      "L2",
      "L3",
    ],
  },
  {
    "choiceCount": 4,
    "correctIndex": 2,
    "id": "c4.2.1-13",
    "ruleReference": "C4.2.1.M",
    "sectionId": "penalties",
    "skillLevels": [
      "L1",
      "L2",
      "L3",
    ],
  },
  {
    "choiceCount": 4,
    "correctIndex": 2,
    "id": "c4.2.1-14",
    "ruleReference": "C4.2.1.N",
    "sectionId": "penalties",
    "skillLevels": [
      "L1",
      "L2",
      "L3",
    ],
  },
  {
    "choiceCount": 4,
    "correctIndex": 1,
    "id": "c4.2.2-1",
    "ruleReference": "C4.2.2.A",
    "sectionId": "penalties",
    "skillLevels": [
      "L1",
      "L2",
      "L3",
    ],
  },
  {
    "choiceCount": 4,
    "correctIndex": 2,
    "id": "c4.2.2-2",
    "ruleReference": "C4.2.2.B",
    "sectionId": "penalties",
    "skillLevels": [
      "L1",
      "L2",
      "L3",
    ],
  },
  {
    "choiceCount": 4,
    "correctIndex": 1,
    "id": "c4.2.2-3",
    "ruleReference": "C4.2.2.C",
    "sectionId": "penalties",
    "skillLevels": [
      "L1",
      "L2",
      "L3",
    ],
  },
  {
    "choiceCount": 4,
    "correctIndex": 1,
    "id": "c4.2.2-4",
    "ruleReference": "C4.2.2.D",
    "sectionId": "penalties",
    "skillLevels": [
      "L1",
      "L2",
      "L3",
    ],
  },
  {
    "choiceCount": 4,
    "correctIndex": 2,
    "id": "c4.2.2-5",
    "ruleReference": "C4.2.2.E",
    "sectionId": "penalties",
    "skillLevels": [
      "L1",
      "L2",
      "L3",
    ],
  },
  {
    "choiceCount": 4,
    "correctIndex": 2,
    "id": "c4.2.2-6",
    "ruleReference": "C4.2.2.F",
    "sectionId": "penalties",
    "skillLevels": [
      "L1",
      "L2",
      "L3",
    ],
  },
  {
    "choiceCount": 4,
    "correctIndex": 2,
    "id": "c4.2.2-7",
    "ruleReference": "C4.2.2.G",
    "sectionId": "penalties",
    "skillLevels": [
      "L1",
      "L2",
      "L3",
    ],
  },
  {
    "choiceCount": 4,
    "correctIndex": 0,
    "id": "c4.2.2-8",
    "ruleReference": "C4.2.2.H",
    "sectionId": "penalties",
    "skillLevels": [
      "L1",
      "L2",
      "L3",
    ],
  },
  {
    "choiceCount": 4,
    "correctIndex": 2,
    "id": "c4.2.2-9",
    "ruleReference": "C4.2.2.I",
    "sectionId": "penalties",
    "skillLevels": [
      "L1",
      "L2",
      "L3",
    ],
  },
  {
    "choiceCount": 4,
    "correctIndex": 2,
    "id": "c4.2.2-10",
    "ruleReference": "C4.2.2.J",
    "sectionId": "penalties",
    "skillLevels": [
      "L1",
      "L2",
      "L3",
    ],
  },
  {
    "choiceCount": 4,
    "correctIndex": 1,
    "id": "c4.2.2-11",
    "ruleReference": "C4.2.2.K",
    "sectionId": "penalties",
    "skillLevels": [
      "L1",
      "L2",
      "L3",
    ],
  },
  {
    "choiceCount": 4,
    "correctIndex": 2,
    "id": "c4.2.2-12",
    "ruleReference": "C4.2.2.L",
    "sectionId": "penalties",
    "skillLevels": [
      "L1",
      "L2",
      "L3",
    ],
  },
  {
    "choiceCount": 4,
    "correctIndex": 2,
    "id": "c4.2.2-13",
    "ruleReference": "C4.2.2.M",
    "sectionId": "penalties",
    "skillLevels": [
      "L1",
      "L2",
      "L3",
    ],
  },
  {
    "choiceCount": 4,
    "correctIndex": 1,
    "id": "c4.2.3-1",
    "ruleReference": "C4.2.3.A",
    "sectionId": "penalties",
    "skillLevels": [
      "L1",
      "L2",
      "L3",
    ],
  },
  {
    "choiceCount": 4,
    "correctIndex": 1,
    "id": "c4.2.3-2",
    "ruleReference": "C4.2.3.B",
    "sectionId": "penalties",
    "skillLevels": [
      "L1",
      "L2",
      "L3",
    ],
  },
  {
    "choiceCount": 4,
    "correctIndex": 1,
    "id": "c4.2.3-3",
    "ruleReference": "C4.2.3.C",
    "sectionId": "penalties",
    "skillLevels": [
      "L1",
      "L2",
      "L3",
    ],
  },
  {
    "choiceCount": 4,
    "correctIndex": 1,
    "id": "c4.2.3-4",
    "ruleReference": "C4.2.3.D",
    "sectionId": "penalties",
    "skillLevels": [
      "L1",
      "L2",
      "L3",
    ],
  },
  {
    "choiceCount": 4,
    "correctIndex": 1,
    "id": "c4.2.3-5",
    "ruleReference": "C4.2.3.E",
    "sectionId": "penalties",
    "skillLevels": [
      "L1",
      "L2",
      "L3",
    ],
  },
  {
    "choiceCount": 4,
    "correctIndex": 1,
    "id": "c4.2.3-6",
    "ruleReference": "C4.2.3.F",
    "sectionId": "penalties",
    "skillLevels": [
      "L1",
      "L2",
      "L3",
    ],
  },
  {
    "choiceCount": 4,
    "correctIndex": 1,
    "id": "c4.2.3-7",
    "ruleReference": "C4.2.3.G",
    "sectionId": "penalties",
    "skillLevels": [
      "L1",
      "L2",
      "L3",
    ],
  },
  {
    "choiceCount": 4,
    "correctIndex": 2,
    "id": "c4.2.3-8",
    "ruleReference": "C4.2.3.H",
    "sectionId": "penalties",
    "skillLevels": [
      "L1",
      "L2",
      "L3",
    ],
  },
  {
    "choiceCount": 4,
    "correctIndex": 2,
    "id": "c4.2.3-9",
    "ruleReference": "C4.2.3.I",
    "sectionId": "penalties",
    "skillLevels": [
      "L1",
      "L2",
      "L3",
    ],
  },
  {
    "choiceCount": 4,
    "correctIndex": 1,
    "id": "c4.2.4-1",
    "ruleReference": "C4.2.4.A",
    "sectionId": "penalties",
    "skillLevels": [
      "L1",
      "L2",
      "L3",
    ],
  },
  {
    "choiceCount": 4,
    "correctIndex": 2,
    "id": "c4.2.4-2",
    "ruleReference": "C4.2.4.B",
    "sectionId": "penalties",
    "skillLevels": [
      "L1",
      "L2",
      "L3",
    ],
  },
  {
    "choiceCount": 4,
    "correctIndex": 1,
    "id": "c4.2.4-3",
    "ruleReference": "C4.2.4.D",
    "sectionId": "penalties",
    "skillLevels": [
      "L1",
      "L2",
      "L3",
    ],
  },
  {
    "choiceCount": 4,
    "correctIndex": 2,
    "id": "c4.2.4-4",
    "ruleReference": "C4.2.4.E",
    "sectionId": "penalties",
    "skillLevels": [
      "L1",
      "L2",
      "L3",
    ],
  },
  {
    "choiceCount": 4,
    "correctIndex": 2,
    "id": "c4.2.4-5",
    "ruleReference": "C4.2.4.F",
    "sectionId": "penalties",
    "skillLevels": [
      "L1",
      "L2",
      "L3",
    ],
  },
  {
    "choiceCount": 4,
    "correctIndex": 1,
    "id": "c4.2.4-6",
    "ruleReference": "C4.2.4.G",
    "sectionId": "penalties",
    "skillLevels": [
      "L1",
      "L2",
      "L3",
    ],
  },
  {
    "choiceCount": 4,
    "correctIndex": 1,
    "id": "jc4.2.4-1",
    "ruleReference": "JC4.2.4.H",
    "sectionId": "penalties",
    "skillLevels": [
      "L1",
      "L2",
      "L3",
    ],
  },
  {
    "choiceCount": 4,
    "correctIndex": 1,
    "id": "jc4.2.5-1",
    "ruleReference": "JC4.2.5.A",
    "sectionId": "penalties",
    "skillLevels": [
      "L1",
    ],
  },
  {
    "choiceCount": 4,
    "correctIndex": 1,
    "id": "c4.3-1",
    "ruleReference": "C4.3.A",
    "sectionId": "penalties",
    "skillLevels": [
      "L1",
      "L2",
      "L3",
    ],
  },
  {
    "choiceCount": 4,
    "correctIndex": 1,
    "id": "c4.3-2",
    "ruleReference": "C4.3.C",
    "sectionId": "penalties",
    "skillLevels": [
      "L1",
      "L2",
      "L3",
    ],
  },
  {
    "choiceCount": 4,
    "correctIndex": 1,
    "id": "c4.3-3",
    "ruleReference": "C4.3.D",
    "sectionId": "penalties",
    "skillLevels": [
      "L1",
      "L2",
      "L3",
    ],
  },
  {
    "choiceCount": 4,
    "correctIndex": 2,
    "id": "c4.3-4",
    "ruleReference": "C4.3.E",
    "sectionId": "penalties",
    "skillLevels": [
      "L1",
      "L2",
      "L3",
    ],
  },
  {
    "choiceCount": 4,
    "correctIndex": 1,
    "id": "c4.3-5",
    "ruleReference": "C4.3.F",
    "sectionId": "penalties",
    "skillLevels": [
      "L1",
      "L2",
      "L3",
    ],
  },
  {
    "choiceCount": 4,
    "correctIndex": 2,
    "id": "c4.3-6",
    "ruleReference": "C4.3.H",
    "sectionId": "penalties",
    "skillLevels": [
      "L1",
      "L2",
      "L3",
    ],
  },
  {
    "choiceCount": 4,
    "correctIndex": 2,
    "id": "c4.3-7",
    "ruleReference": "C4.3.I",
    "sectionId": "penalties",
    "skillLevels": [
      "L1",
      "L2",
      "L3",
    ],
  },
  {
    "choiceCount": 4,
    "correctIndex": 1,
    "id": "c4.3-8",
    "ruleReference": "C4.3.J",
    "sectionId": "penalties",
    "skillLevels": [
      "L1",
      "L2",
      "L3",
    ],
  },
  {
    "choiceCount": 4,
    "correctIndex": 2,
    "id": "c4.3-9",
    "ruleReference": "C4.3.L",
    "sectionId": "penalties",
    "skillLevels": [
      "L1",
      "L2",
      "L3",
    ],
  },
  {
    "choiceCount": 4,
    "correctIndex": 1,
    "id": "c4.3-10",
    "ruleReference": "C4.3.M",
    "sectionId": "penalties",
    "skillLevels": [
      "L1",
      "L2",
      "L3",
    ],
  },
  {
    "choiceCount": 4,
    "correctIndex": 2,
    "id": "c4.3-11",
    "ruleReference": "C4.3.N",
    "sectionId": "penalties",
    "skillLevels": [
      "L1",
      "L2",
      "L3",
    ],
  },
  {
    "choiceCount": 4,
    "correctIndex": 2,
    "id": "c4.3-12",
    "ruleReference": "C4.3.O",
    "sectionId": "penalties",
    "skillLevels": [
      "L1",
      "L2",
      "L3",
    ],
  },
  {
    "choiceCount": 4,
    "correctIndex": 2,
    "id": "c4.3-13",
    "ruleReference": "C4.3.P",
    "sectionId": "penalties",
    "skillLevels": [
      "L1",
      "L2",
      "L3",
    ],
  },
  {
    "choiceCount": 4,
    "correctIndex": 1,
    "id": "jc4.3.1-1",
    "ruleReference": "JC4.3.1.A",
    "sectionId": "penalties",
    "skillLevels": [
      "L1",
      "L2",
      "L3",
    ],
  },
  {
    "choiceCount": 4,
    "correctIndex": 1,
    "id": "jc4.3.1-2",
    "ruleReference": "JC4.3.1.B",
    "sectionId": "penalties",
    "skillLevels": [
      "L1",
      "L2",
      "L3",
    ],
  },
  {
    "choiceCount": 4,
    "correctIndex": 2,
    "id": "jc4.3.2-1",
    "ruleReference": "JC4.3.2.A",
    "sectionId": "penalties",
    "skillLevels": [
      "L1",
      "L2",
      "L3",
    ],
  },
  {
    "choiceCount": 4,
    "correctIndex": 1,
    "id": "c4.4-1",
    "ruleReference": "C4.4.B",
    "sectionId": "penalties",
    "skillLevels": [
      "L1",
      "L2",
      "L3",
    ],
  },
  {
    "choiceCount": 4,
    "correctIndex": 1,
    "id": "c4.4-2",
    "ruleReference": "C4.4.C",
    "sectionId": "penalties",
    "skillLevels": [
      "L1",
      "L2",
      "L3",
    ],
  },
  {
    "choiceCount": 4,
    "correctIndex": 1,
    "id": "c4.4-3",
    "ruleReference": "C4.4.D",
    "sectionId": "penalties",
    "skillLevels": [
      "L1",
      "L2",
      "L3",
    ],
  },
  {
    "choiceCount": 4,
    "correctIndex": 1,
    "id": "c4.4.1-1",
    "ruleReference": "C4.4.1.A",
    "sectionId": "penalties",
    "skillLevels": [
      "L1",
      "L2",
      "L3",
    ],
  },
  {
    "choiceCount": 4,
    "correctIndex": 1,
    "id": "c4.4.1-2",
    "ruleReference": "C4.4.1.B",
    "sectionId": "penalties",
    "skillLevels": [
      "L1",
      "L2",
      "L3",
    ],
  },
  {
    "choiceCount": 4,
    "correctIndex": 1,
    "id": "c4.4.2-1",
    "ruleReference": "C4.4.2.A",
    "sectionId": "penalties",
    "skillLevels": [
      "L1",
      "L2",
      "L3",
    ],
  },
  {
    "choiceCount": 4,
    "correctIndex": 2,
    "id": "c4.4.2-2",
    "ruleReference": "C4.4.2.B",
    "sectionId": "penalties",
    "skillLevels": [
      "L1",
      "L2",
      "L3",
    ],
  },
  {
    "choiceCount": 4,
    "correctIndex": 1,
    "id": "c4.4.2-3",
    "ruleReference": "C4.4.2.C",
    "sectionId": "penalties",
    "skillLevels": [
      "L1",
      "L2",
      "L3",
    ],
  },
  {
    "choiceCount": 4,
    "correctIndex": 1,
    "id": "c4.4.2-4",
    "ruleReference": "C4.4.2.D",
    "sectionId": "penalties",
    "skillLevels": [
      "L1",
      "L2",
      "L3",
    ],
  },
  {
    "choiceCount": 4,
    "correctIndex": 1,
    "id": "c4.4.3-1",
    "ruleReference": "C4.4.3.A",
    "sectionId": "penalties",
    "skillLevels": [
      "L1",
      "L2",
      "L3",
    ],
  },
  {
    "choiceCount": 4,
    "correctIndex": 1,
    "id": "c4.4.4-1",
    "ruleReference": "C4.4.4.A",
    "sectionId": "penalties",
    "skillLevels": [
      "L1",
      "L2",
      "L3",
    ],
  },
  {
    "choiceCount": 4,
    "correctIndex": 2,
    "id": "c4.5-1",
    "ruleReference": "C4.5.A",
    "sectionId": "penalties",
    "skillLevels": [
      "L1",
      "L2",
      "L3",
    ],
  },
  {
    "choiceCount": 4,
    "correctIndex": 2,
    "id": "c4.5-2",
    "ruleReference": "C4.5.B",
    "sectionId": "penalties",
    "skillLevels": [
      "L1",
      "L2",
      "L3",
    ],
  },
  {
    "choiceCount": 4,
    "correctIndex": 1,
    "id": "c4.5-3",
    "ruleReference": "C4.5.C",
    "sectionId": "penalties",
    "skillLevels": [
      "L1",
      "L2",
      "L3",
    ],
  },
  {
    "choiceCount": 4,
    "correctIndex": 1,
    "id": "c5.4-1",
    "ruleReference": "C5.4.A",
    "sectionId": "officiating",
    "skillLevels": [
      "L1",
      "L2",
      "L3",
    ],
  },
  {
    "choiceCount": 4,
    "correctIndex": 1,
    "id": "c5.4-2",
    "ruleReference": "C5.4.B",
    "sectionId": "officiating",
    "skillLevels": [
      "L1",
      "L2",
      "L3",
    ],
  },
  {
    "choiceCount": 4,
    "correctIndex": 1,
    "id": "c5.4-3",
    "ruleReference": "C5.4.C",
    "sectionId": "officiating",
    "skillLevels": [
      "L1",
      "L2",
      "L3",
    ],
  },
  {
    "choiceCount": 4,
    "correctIndex": 1,
    "id": "c5.4-4",
    "ruleReference": "C5.4.D",
    "sectionId": "officiating",
    "skillLevels": [
      "L1",
      "L2",
      "L3",
    ],
  },
]
`;

exports[`content baseline (golden master) > content totals are unchanged 1`] = `
{
  "casebookScenarios": 160,
  "glossaryTermsByAge": {
    "11-12": 74,
    "13+": 74,
    "7-8": 74,
    "9-10": 74,
  },
  "quizTopicsByAge": {
    "11-12": 6,
    "13+": 6,
    "7-8": 6,
    "9-10": 6,
  },
  "ruleSections": 5,
  "rules": 73,
  "rulesWithAddendum": 8,
}
`;

exports[`content baseline (golden master) > glossary structure is unchanged 1`] = `
{
  "11-12": [
    "actively-absorbing",
    "ahead",
    "alternate",
    "apex-jump",
    "assist",
    "behind",
    "blocker",
    "blocking-zones",
    "captain",
    "ceding",
    "counter-block",
    "designated-chaperone",
    "down",
    "engagement-zone",
    "engaging",
    "established-position",
    "exiting-the-track",
    "expulsion",
    "falling-small",
    "forceful-contact",
    "fouling-out",
    "governing-body",
    "grasping",
    "head-referee",
    "hips",
    "illegal-procedure",
    "immediately",
    "impeding",
    "impenetrable",
    "in-bounds",
    "in-play",
    "in-position",
    "in-queue",
    "initiator",
    "insubordination",
    "jam",
    "jammer",
    "lap-lapping",
    "lead-jammer",
    "linking",
    "lineup-time",
    "no-impact",
    "no-pack",
    "not-on-the-track-point",
    "out-of-bounds",
    "out-of-bounds-fully",
    "out-of-play",
    "pack",
    "pack-skater",
    "pass",
    "passing-the-star",
    "penalty",
    "pivot",
    "points-awarded-in-error",
    "points-denied-in-error",
    "positional-blocking",
    "protective-gear",
    "re-pass",
    "relative-position",
    "role",
    "roster",
    "sitting",
    "skating-direction-of-travel",
    "standing",
    "stopped",
    "straddling",
    "substitution",
    "target-zones",
    "the-star",
    "the-stripe",
    "trip-through-the-pack",
    "upright",
    "warning",
    "yielding",
  ],
  "13+": [
    "actively-absorbing",
    "ahead",
    "alternate",
    "apex-jump",
    "assist",
    "behind",
    "blocker",
    "blocking-zones",
    "captain",
    "ceding",
    "counter-block",
    "designated-chaperone",
    "down",
    "engagement-zone",
    "engaging",
    "established-position",
    "exiting-the-track",
    "expulsion",
    "falling-small",
    "forceful-contact",
    "fouling-out",
    "governing-body",
    "grasping",
    "head-referee",
    "hips",
    "illegal-procedure",
    "immediately",
    "impeding",
    "impenetrable",
    "in-bounds",
    "in-play",
    "in-position",
    "in-queue",
    "initiator",
    "insubordination",
    "jam",
    "jammer",
    "lap-lapping",
    "lead-jammer",
    "linking",
    "lineup-time",
    "no-impact",
    "no-pack",
    "not-on-the-track-point",
    "out-of-bounds",
    "out-of-bounds-fully",
    "out-of-play",
    "pack",
    "pack-skater",
    "pass",
    "passing-the-star",
    "penalty",
    "pivot",
    "points-awarded-in-error",
    "points-denied-in-error",
    "positional-blocking",
    "protective-gear",
    "re-pass",
    "relative-position",
    "role",
    "roster",
    "sitting",
    "skating-direction-of-travel",
    "standing",
    "stopped",
    "straddling",
    "substitution",
    "target-zones",
    "the-star",
    "the-stripe",
    "trip-through-the-pack",
    "upright",
    "warning",
    "yielding",
  ],
  "7-8": [
    "actively-absorbing",
    "ahead",
    "alternate",
    "apex-jump",
    "assist",
    "behind",
    "blocker",
    "blocking-zones",
    "captain",
    "ceding",
    "counter-block",
    "designated-chaperone",
    "down",
    "engagement-zone",
    "engaging",
    "established-position",
    "exiting-the-track",
    "expulsion",
    "falling-small",
    "forceful-contact",
    "fouling-out",
    "governing-body",
    "grasping",
    "head-referee",
    "hips",
    "illegal-procedure",
    "immediately",
    "impeding",
    "impenetrable",
    "in-bounds",
    "in-play",
    "in-position",
    "in-queue",
    "initiator",
    "insubordination",
    "jam",
    "jammer",
    "lap-lapping",
    "lead-jammer",
    "linking",
    "lineup-time",
    "no-impact",
    "no-pack",
    "not-on-the-track-point",
    "out-of-bounds",
    "out-of-bounds-fully",
    "out-of-play",
    "pack",
    "pack-skater",
    "pass",
    "passing-the-star",
    "penalty",
    "pivot",
    "points-awarded-in-error",
    "points-denied-in-error",
    "positional-blocking",
    "protective-gear",
    "re-pass",
    "relative-position",
    "role",
    "roster",
    "sitting",
    "skating-direction-of-travel",
    "standing",
    "stopped",
    "straddling",
    "substitution",
    "target-zones",
    "the-star",
    "the-stripe",
    "trip-through-the-pack",
    "upright",
    "warning",
    "yielding",
  ],
  "9-10": [
    "actively-absorbing",
    "ahead",
    "alternate",
    "apex-jump",
    "assist",
    "behind",
    "blocker",
    "blocking-zones",
    "captain",
    "ceding",
    "counter-block",
    "designated-chaperone",
    "down",
    "engagement-zone",
    "engaging",
    "established-position",
    "exiting-the-track",
    "expulsion",
    "falling-small",
    "forceful-contact",
    "fouling-out",
    "governing-body",
    "grasping",
    "head-referee",
    "hips",
    "illegal-procedure",
    "immediately",
    "impeding",
    "impenetrable",
    "in-bounds",
    "in-play",
    "in-position",
    "in-queue",
    "initiator",
    "insubordination",
    "jam",
    "jammer",
    "lap-lapping",
    "lead-jammer",
    "linking",
    "lineup-time",
    "no-impact",
    "no-pack",
    "not-on-the-track-point",
    "out-of-bounds",
    "out-of-bounds-fully",
    "out-of-play",
    "pack",
    "pack-skater",
    "pass",
    "passing-the-star",
    "penalty",
    "pivot",
    "points-awarded-in-error",
    "points-denied-in-error",
    "positional-blocking",
    "protective-gear",
    "re-pass",
    "relative-position",
    "role",
    "roster",
    "sitting",
    "skating-direction-of-travel",
    "standing",
    "stopped",
    "straddling",
    "substitution",
    "target-zones",
    "the-star",
    "the-stripe",
    "trip-through-the-pack",
    "upright",
    "warning",
    "yielding",
  ],
}
`;

exports[`content baseline (golden master) > quiz structure is unchanged 1`] = `
{
  "11-12": [
    {
      "id": "game-basics",
      "questions": [
        {
          "correctIndex": 1,
          "id": "gb-1",
        },
        {
          "correctIndex": 2,
          "id": "gb-2",
        },
        {
          "correctIndex": 2,
          "id": "gb-3",
        },
        {
          "correctIndex": 1,
          "id": "gb-4",
        },
        {
          "correctIndex": 2,
          "id": "gb-5",
        },
        {
          "correctIndex": 0,
          "id": "gb-6",
        },
        {
          "correctIndex": 1,
          "id": "gb-7",
        },
        {
          "correctIndex": 1,
          "id": "gb-8",
        },
        {
          "correctIndex": 2,
          "id": "gb-9",
        },
        {
          "correctIndex": 1,
          "id": "gb-10",
        },
      ],
      "sectionId": "game-parameters",
    },
    {
      "id": "gameplay-fundamentals",
      "questions": [
        {
          "correctIndex": 1,
          "id": "gf-1",
        },
        {
          "correctIndex": 1,
          "id": "gf-2",
        },
        {
          "correctIndex": 1,
          "id": "gf-3",
        },
        {
          "correctIndex": 2,
          "id": "gf-4",
        },
        {
          "correctIndex": 1,
          "id": "gf-5",
        },
        {
          "correctIndex": 2,
          "id": "gf-6",
        },
        {
          "correctIndex": 1,
          "id": "gf-7",
        },
        {
          "correctIndex": 1,
          "id": "gf-8",
        },
        {
          "correctIndex": 2,
          "id": "gf-9",
        },
        {
          "correctIndex": 1,
          "id": "gf-10",
        },
      ],
      "sectionId": "gameplay",
    },
    {
      "id": "pack-and-engagement",
      "questions": [
        {
          "correctIndex": 1,
          "id": "pe-1",
        },
        {
          "correctIndex": 1,
          "id": "pe-2",
        },
        {
          "correctIndex": 2,
          "id": "pe-3",
        },
        {
          "correctIndex": 1,
          "id": "pe-4",
        },
        {
          "correctIndex": 1,
          "id": "pe-5",
        },
        {
          "correctIndex": 2,
          "id": "pe-6",
        },
        {
          "correctIndex": 2,
          "id": "pe-7",
        },
        {
          "correctIndex": 1,
          "id": "pe-8",
        },
        {
          "correctIndex": 1,
          "id": "pe-9",
        },
        {
          "correctIndex": 1,
          "id": "pe-10",
        },
      ],
      "sectionId": "gameplay",
    },
    {
      "id": "scoring",
      "questions": [
        {
          "correctIndex": 1,
          "id": "sc-1",
        },
        {
          "correctIndex": 1,
          "id": "sc-2",
        },
        {
          "correctIndex": 1,
          "id": "sc-3",
        },
        {
          "correctIndex": 1,
          "id": "sc-4",
        },
        {
          "correctIndex": 1,
          "id": "sc-5",
        },
        {
          "correctIndex": 1,
          "id": "sc-6",
        },
        {
          "correctIndex": 0,
          "id": "sc-7",
        },
        {
          "correctIndex": 1,
          "id": "sc-8",
        },
        {
          "correctIndex": 1,
          "id": "sc-9",
        },
        {
          "correctIndex": 1,
          "id": "sc-10",
        },
      ],
      "sectionId": "scoring",
    },
    {
      "id": "contact-rules",
      "questions": [
        {
          "correctIndex": 2,
          "id": "cr-1",
        },
        {
          "correctIndex": 2,
          "id": "cr-2",
        },
        {
          "correctIndex": 1,
          "id": "cr-3",
        },
        {
          "correctIndex": 3,
          "id": "cr-4",
        },
        {
          "correctIndex": 2,
          "id": "cr-5",
        },
        {
          "correctIndex": 1,
          "id": "cr-6",
        },
        {
          "correctIndex": 2,
          "id": "cr-7",
        },
        {
          "correctIndex": 1,
          "id": "cr-8",
        },
        {
          "correctIndex": 2,
          "id": "cr-9",
        },
        {
          "correctIndex": 1,
          "id": "cr-10",
        },
      ],
      "sectionId": "penalties",
    },
    {
      "id": "penalties-procedures",
      "questions": [
        {
          "correctIndex": 1,
          "id": "pp-1",
        },
        {
          "correctIndex": 2,
          "id": "pp-2",
        },
        {
          "correctIndex": 2,
          "id": "pp-3",
        },
        {
          "correctIndex": 1,
          "id": "pp-4",
        },
        {
          "correctIndex": 2,
          "id": "pp-5",
        },
        {
          "correctIndex": 1,
          "id": "pp-6",
        },
        {
          "correctIndex": 2,
          "id": "pp-7",
        },
        {
          "correctIndex": 1,
          "id": "pp-8",
        },
        {
          "correctIndex": 2,
          "id": "pp-9",
        },
        {
          "correctIndex": 1,
          "id": "pp-10",
        },
      ],
      "sectionId": "penalties",
    },
  ],
  "13+": [
    {
      "id": "game-basics",
      "questions": [
        {
          "correctIndex": 1,
          "id": "gb-1",
        },
        {
          "correctIndex": 2,
          "id": "gb-2",
        },
        {
          "correctIndex": 2,
          "id": "gb-3",
        },
        {
          "correctIndex": 1,
          "id": "gb-4",
        },
        {
          "correctIndex": 2,
          "id": "gb-5",
        },
        {
          "correctIndex": 0,
          "id": "gb-6",
        },
        {
          "correctIndex": 1,
          "id": "gb-7",
        },
        {
          "correctIndex": 1,
          "id": "gb-8",
        },
        {
          "correctIndex": 2,
          "id": "gb-9",
        },
        {
          "correctIndex": 1,
          "id": "gb-10",
        },
      ],
      "sectionId": "game-parameters",
    },
    {
      "id": "gameplay-fundamentals",
      "questions": [
        {
          "correctIndex": 1,
          "id": "gf-1",
        },
        {
          "correctIndex": 1,
          "id": "gf-2",
        },
        {
          "correctIndex": 1,
          "id": "gf-3",
        },
        {
          "correctIndex": 2,
          "id": "gf-4",
        },
        {
          "correctIndex": 1,
          "id": "gf-5",
        },
        {
          "correctIndex": 2,
          "id": "gf-6",
        },
        {
          "correctIndex": 1,
          "id": "gf-7",
        },
        {
          "correctIndex": 1,
          "id": "gf-8",
        },
        {
          "correctIndex": 2,
          "id": "gf-9",
        },
        {
          "correctIndex": 1,
          "id": "gf-10",
        },
      ],
      "sectionId": "gameplay",
    },
    {
      "id": "pack-and-engagement",
      "questions": [
        {
          "correctIndex": 1,
          "id": "pe-1",
        },
        {
          "correctIndex": 1,
          "id": "pe-2",
        },
        {
          "correctIndex": 2,
          "id": "pe-3",
        },
        {
          "correctIndex": 1,
          "id": "pe-4",
        },
        {
          "correctIndex": 1,
          "id": "pe-5",
        },
        {
          "correctIndex": 2,
          "id": "pe-6",
        },
        {
          "correctIndex": 2,
          "id": "pe-7",
        },
        {
          "correctIndex": 1,
          "id": "pe-8",
        },
        {
          "correctIndex": 1,
          "id": "pe-9",
        },
        {
          "correctIndex": 1,
          "id": "pe-10",
        },
      ],
      "sectionId": "gameplay",
    },
    {
      "id": "scoring",
      "questions": [
        {
          "correctIndex": 1,
          "id": "sc-1",
        },
        {
          "correctIndex": 1,
          "id": "sc-2",
        },
        {
          "correctIndex": 1,
          "id": "sc-3",
        },
        {
          "correctIndex": 1,
          "id": "sc-4",
        },
        {
          "correctIndex": 1,
          "id": "sc-5",
        },
        {
          "correctIndex": 1,
          "id": "sc-6",
        },
        {
          "correctIndex": 0,
          "id": "sc-7",
        },
        {
          "correctIndex": 1,
          "id": "sc-8",
        },
        {
          "correctIndex": 1,
          "id": "sc-9",
        },
        {
          "correctIndex": 1,
          "id": "sc-10",
        },
      ],
      "sectionId": "scoring",
    },
    {
      "id": "contact-rules",
      "questions": [
        {
          "correctIndex": 2,
          "id": "cr-1",
        },
        {
          "correctIndex": 2,
          "id": "cr-2",
        },
        {
          "correctIndex": 1,
          "id": "cr-3",
        },
        {
          "correctIndex": 3,
          "id": "cr-4",
        },
        {
          "correctIndex": 2,
          "id": "cr-5",
        },
        {
          "correctIndex": 1,
          "id": "cr-6",
        },
        {
          "correctIndex": 2,
          "id": "cr-7",
        },
        {
          "correctIndex": 1,
          "id": "cr-8",
        },
        {
          "correctIndex": 2,
          "id": "cr-9",
        },
        {
          "correctIndex": 1,
          "id": "cr-10",
        },
      ],
      "sectionId": "penalties",
    },
    {
      "id": "penalties-procedures",
      "questions": [
        {
          "correctIndex": 1,
          "id": "pp-1",
        },
        {
          "correctIndex": 2,
          "id": "pp-2",
        },
        {
          "correctIndex": 2,
          "id": "pp-3",
        },
        {
          "correctIndex": 1,
          "id": "pp-4",
        },
        {
          "correctIndex": 2,
          "id": "pp-5",
        },
        {
          "correctIndex": 1,
          "id": "pp-6",
        },
        {
          "correctIndex": 2,
          "id": "pp-7",
        },
        {
          "correctIndex": 1,
          "id": "pp-8",
        },
        {
          "correctIndex": 2,
          "id": "pp-9",
        },
        {
          "correctIndex": 1,
          "id": "pp-10",
        },
      ],
      "sectionId": "penalties",
    },
  ],
  "7-8": [
    {
      "id": "game-basics",
      "questions": [
        {
          "correctIndex": 1,
          "id": "gb-1",
        },
        {
          "correctIndex": 2,
          "id": "gb-2",
        },
        {
          "correctIndex": 2,
          "id": "gb-3",
        },
        {
          "correctIndex": 1,
          "id": "gb-4",
        },
        {
          "correctIndex": 2,
          "id": "gb-5",
        },
        {
          "correctIndex": 0,
          "id": "gb-6",
        },
        {
          "correctIndex": 1,
          "id": "gb-7",
        },
        {
          "correctIndex": 1,
          "id": "gb-8",
        },
        {
          "correctIndex": 2,
          "id": "gb-9",
        },
        {
          "correctIndex": 1,
          "id": "gb-10",
        },
      ],
      "sectionId": "game-parameters",
    },
    {
      "id": "gameplay-fundamentals",
      "questions": [
        {
          "correctIndex": 1,
          "id": "gf-1",
        },
        {
          "correctIndex": 1,
          "id": "gf-2",
        },
        {
          "correctIndex": 1,
          "id": "gf-3",
        },
        {
          "correctIndex": 2,
          "id": "gf-4",
        },
        {
          "correctIndex": 1,
          "id": "gf-5",
        },
        {
          "correctIndex": 2,
          "id": "gf-6",
        },
        {
          "correctIndex": 1,
          "id": "gf-7",
        },
        {
          "correctIndex": 1,
          "id": "gf-8",
        },
        {
          "correctIndex": 2,
          "id": "gf-9",
        },
        {
          "correctIndex": 1,
          "id": "gf-10",
        },
      ],
      "sectionId": "gameplay",
    },
    {
      "id": "pack-and-engagement",
      "questions": [
        {
          "correctIndex": 1,
          "id": "pe-1",
        },
        {
          "correctIndex": 1,
          "id": "pe-2",
        },
        {
          "correctIndex": 2,
          "id": "pe-3",
        },
        {
          "correctIndex": 1,
          "id": "pe-4",
        },
        {
          "correctIndex": 1,
          "id": "pe-5",
        },
        {
          "correctIndex": 2,
          "id": "pe-6",
        },
        {
          "correctIndex": 2,
          "id": "pe-7",
        },
        {
          "correctIndex": 1,
          "id": "pe-8",
        },
        {
          "correctIndex": 1,
          "id": "pe-9",
        },
        {
          "correctIndex": 1,
          "id": "pe-10",
        },
      ],
      "sectionId": "gameplay",
    },
    {
      "id": "scoring",
      "questions": [
        {
          "correctIndex": 1,
          "id": "sc-1",
        },
        {
          "correctIndex": 1,
          "id": "sc-2",
        },
        {
          "correctIndex": 1,
          "id": "sc-3",
        },
        {
          "correctIndex": 1,
          "id": "sc-4",
        },
        {
          "correctIndex": 1,
          "id": "sc-5",
        },
        {
          "correctIndex": 1,
          "id": "sc-6",
        },
        {
          "correctIndex": 0,
          "id": "sc-7",
        },
        {
          "correctIndex": 1,
          "id": "sc-8",
        },
        {
          "correctIndex": 1,
          "id": "sc-9",
        },
        {
          "correctIndex": 1,
          "id": "sc-10",
        },
      ],
      "sectionId": "scoring",
    },
    {
      "id": "contact-rules",
      "questions": [
        {
          "correctIndex": 2,
          "id": "cr-1",
        },
        {
          "correctIndex": 2,
          "id": "cr-2",
        },
        {
          "correctIndex": 1,
          "id": "cr-3",
        },
        {
          "correctIndex": 3,
          "id": "cr-4",
        },
        {
          "correctIndex": 2,
          "id": "cr-5",
        },
        {
          "correctIndex": 1,
          "id": "cr-6",
        },
        {
          "correctIndex": 2,
          "id": "cr-7",
        },
        {
          "correctIndex": 1,
          "id": "cr-8",
        },
        {
          "correctIndex": 2,
          "id": "cr-9",
        },
        {
          "correctIndex": 1,
          "id": "cr-10",
        },
      ],
      "sectionId": "penalties",
    },
    {
      "id": "penalties-procedures",
      "questions": [
        {
          "correctIndex": 1,
          "id": "pp-1",
        },
        {
          "correctIndex": 2,
          "id": "pp-2",
        },
        {
          "correctIndex": 2,
          "id": "pp-3",
        },
        {
          "correctIndex": 1,
          "id": "pp-4",
        },
        {
          "correctIndex": 2,
          "id": "pp-5",
        },
        {
          "correctIndex": 1,
          "id": "pp-6",
        },
        {
          "correctIndex": 2,
          "id": "pp-7",
        },
        {
          "correctIndex": 1,
          "id": "pp-8",
        },
        {
          "correctIndex": 2,
          "id": "pp-9",
        },
        {
          "correctIndex": 1,
          "id": "pp-10",
        },
      ],
      "sectionId": "penalties",
    },
  ],
  "9-10": [
    {
      "id": "game-basics",
      "questions": [
        {
          "correctIndex": 1,
          "id": "gb-1",
        },
        {
          "correctIndex": 2,
          "id": "gb-2",
        },
        {
          "correctIndex": 2,
          "id": "gb-3",
        },
        {
          "correctIndex": 1,
          "id": "gb-4",
        },
        {
          "correctIndex": 2,
          "id": "gb-5",
        },
        {
          "correctIndex": 0,
          "id": "gb-6",
        },
        {
          "correctIndex": 1,
          "id": "gb-7",
        },
        {
          "correctIndex": 1,
          "id": "gb-8",
        },
        {
          "correctIndex": 2,
          "id": "gb-9",
        },
        {
          "correctIndex": 1,
          "id": "gb-10",
        },
      ],
      "sectionId": "game-parameters",
    },
    {
      "id": "gameplay-fundamentals",
      "questions": [
        {
          "correctIndex": 1,
          "id": "gf-1",
        },
        {
          "correctIndex": 1,
          "id": "gf-2",
        },
        {
          "correctIndex": 1,
          "id": "gf-3",
        },
        {
          "correctIndex": 2,
          "id": "gf-4",
        },
        {
          "correctIndex": 1,
          "id": "gf-5",
        },
        {
          "correctIndex": 2,
          "id": "gf-6",
        },
        {
          "correctIndex": 1,
          "id": "gf-7",
        },
        {
          "correctIndex": 1,
          "id": "gf-8",
        },
        {
          "correctIndex": 2,
          "id": "gf-9",
        },
        {
          "correctIndex": 1,
          "id": "gf-10",
        },
      ],
      "sectionId": "gameplay",
    },
    {
      "id": "pack-and-engagement",
      "questions": [
        {
          "correctIndex": 1,
          "id": "pe-1",
        },
        {
          "correctIndex": 1,
          "id": "pe-2",
        },
        {
          "correctIndex": 2,
          "id": "pe-3",
        },
        {
          "correctIndex": 1,
          "id": "pe-4",
        },
        {
          "correctIndex": 1,
          "id": "pe-5",
        },
        {
          "correctIndex": 2,
          "id": "pe-6",
        },
        {
          "correctIndex": 2,
          "id": "pe-7",
        },
        {
          "correctIndex": 1,
          "id": "pe-8",
        },
        {
          "correctIndex": 1,
          "id": "pe-9",
        },
        {
          "correctIndex": 1,
          "id": "pe-10",
        },
      ],
      "sectionId": "gameplay",
    },
    {
      "id": "scoring",
      "questions": [
        {
          "correctIndex": 1,
          "id": "sc-1",
        },
        {
          "correctIndex": 1,
          "id": "sc-2",
        },
        {
          "correctIndex": 1,
          "id": "sc-3",
        },
        {
          "correctIndex": 1,
          "id": "sc-4",
        },
        {
          "correctIndex": 1,
          "id": "sc-5",
        },
        {
          "correctIndex": 1,
          "id": "sc-6",
        },
        {
          "correctIndex": 0,
          "id": "sc-7",
        },
        {
          "correctIndex": 1,
          "id": "sc-8",
        },
        {
          "correctIndex": 1,
          "id": "sc-9",
        },
        {
          "correctIndex": 1,
          "id": "sc-10",
        },
      ],
      "sectionId": "scoring",
    },
    {
      "id": "contact-rules",
      "questions": [
        {
          "correctIndex": 2,
          "id": "cr-1",
        },
        {
          "correctIndex": 2,
          "id": "cr-2",
        },
        {
          "correctIndex": 1,
          "id": "cr-3",
        },
        {
          "correctIndex": 3,
          "id": "cr-4",
        },
        {
          "correctIndex": 2,
          "id": "cr-5",
        },
        {
          "correctIndex": 1,
          "id": "cr-6",
        },
        {
          "correctIndex": 2,
          "id": "cr-7",
        },
        {
          "correctIndex": 1,
          "id": "cr-8",
        },
        {
          "correctIndex": 2,
          "id": "cr-9",
        },
        {
          "correctIndex": 1,
          "id": "cr-10",
        },
      ],
      "sectionId": "penalties",
    },
    {
      "id": "penalties-procedures",
      "questions": [
        {
          "correctIndex": 1,
          "id": "pp-1",
        },
        {
          "correctIndex": 2,
          "id": "pp-2",
        },
        {
          "correctIndex": 2,
          "id": "pp-3",
        },
        {
          "correctIndex": 1,
          "id": "pp-4",
        },
        {
          "correctIndex": 2,
          "id": "pp-5",
        },
        {
          "correctIndex": 1,
          "id": "pp-6",
        },
        {
          "correctIndex": 2,
          "id": "pp-7",
        },
        {
          "correctIndex": 1,
          "id": "pp-8",
        },
        {
          "correctIndex": 2,
          "id": "pp-9",
        },
        {
          "correctIndex": 1,
          "id": "pp-10",
        },
      ],
      "sectionId": "penalties",
    },
  ],
}
`;

exports[`content baseline (golden master) > rule structure is unchanged 1`] = `
[
  {
    "id": "game-parameters",
    "number": "1",
    "rules": [
      {
        "hasAddendum": false,
        "id": "1.1",
        "number": "1.1",
        "skillLevels": [
          "L1",
          "L2",
          "L3",
        ],
        "subrules": [
          {
            "hasAddendum": false,
            "id": "1.1.1",
            "number": "1.1.1",
            "skillLevels": [
              "L1",
              "L2",
              "L3",
            ],
            "subrules": [],
          },
          {
            "hasAddendum": false,
            "id": "1.1.2",
            "number": "1.1.2",
            "skillLevels": [
              "L1",
              "L2",
              "L3",
            ],
            "subrules": [],
          },
          {
            "hasAddendum": true,
            "id": "1.1.3",
            "number": "1.1.3",
            "skillLevels": [
              "L1",
              "L2",
              "L3",
            ],
            "subrules": [],
          },
        ],
      },
      {
        "hasAddendum": true,
        "id": "1.2",
        "number": "1.2",
        "skillLevels": [
          "L1",
          "L2",
          "L3",
        ],
        "subrules": [
          {
            "hasAddendum": false,
            "id": "1.2.1",
            "number": "1.2.1",
            "skillLevels": [
              "L1",
              "L2",
              "L3",
            ],
            "subrules": [],
          },
          {
            "hasAddendum": false,
            "id": "1.2.2",
            "number": "1.2.2",
            "skillLevels": [
              "L1",
              "L2",
              "L3",
            ],
            "subrules": [],
          },
          {
            "hasAddendum": false,
            "id": "1.2.3",
            "number": "1.2.3",
            "skillLevels": [
              "L1",
              "L2",
              "L3",
            ],
            "subrules": [],
          },
          {
            "hasAddendum": false,
            "id": "1.2.4",
            "number": "1.2.4",
            "skillLevels": [
              "L1",
              "L2",
              "L3",
            ],
            "subrules": [],
          },
          {
            "hasAddendum": false,
            "id": "1.2.5",
            "number": "1.2.5",
            "skillLevels": [
              "L1",
              "L2",
              "L3",
            ],
            "subrules": [],
          },
        ],
      },
      {
        "hasAddendum": false,
        "id": "1.3",
        "number": "1.3",
        "skillLevels": [
          "L1",
          "L2",
          "L3",
        ],
        "subrules": [
          {
            "hasAddendum": false,
            "id": "1.3.1",
            "number": "1.3.1",
            "skillLevels": [
              "L1",
              "L2",
              "L3",
            ],
            "subrules": [],
          },
          {
            "hasAddendum": false,
            "id": "1.3.2",
            "number": "1.3.2",
            "skillLevels": [
              "L1",
              "L2",
              "L3",
            ],
            "subrules": [],
          },
          {
            "hasAddendum": false,
            "id": "1.3.3",
            "number": "1.3.3",
            "skillLevels": [
              "L1",
              "L2",
              "L3",
            ],
            "subrules": [],
          },
        ],
      },
      {
        "hasAddendum": false,
        "id": "1.4",
        "number": "1.4",
        "skillLevels": [
          "L1",
          "L2",
          "L3",
        ],
        "subrules": [],
      },
      {
        "hasAddendum": false,
        "id": "1.5",
        "number": "1.5",
        "skillLevels": [
          "L1",
          "L2",
          "L3",
        ],
        "subrules": [
          {
            "hasAddendum": false,
            "id": "1.5.1",
            "number": "1.5.1",
            "skillLevels": [
              "L1",
              "L2",
              "L3",
            ],
            "subrules": [],
          },
        ],
      },
    ],
    "title": "Game Parameters & Safety",
  },
  {
    "id": "gameplay",
    "number": "2",
    "rules": [
      {
        "hasAddendum": true,
        "id": "2.1",
        "number": "2.1",
        "skillLevels": [
          "L1",
          "L2",
          "L3",
        ],
        "subrules": [
          {
            "hasAddendum": false,
            "id": "2.1.1",
            "number": "2.1.1",
            "skillLevels": [
              "L1",
              "L2",
              "L3",
            ],
            "subrules": [],
          },
          {
            "hasAddendum": false,
            "id": "2.1.2",
            "number": "2.1.2",
            "skillLevels": [
              "L1",
              "L2",
              "L3",
            ],
            "subrules": [],
          },
        ],
      },
      {
        "hasAddendum": false,
        "id": "2.2",
        "number": "2.2",
        "skillLevels": [
          "L1",
          "L2",
          "L3",
        ],
        "subrules": [
          {
            "hasAddendum": false,
            "id": "2.2.1",
            "number": "2.2.1",
            "skillLevels": [
              "L1",
              "L2",
              "L3",
            ],
            "subrules": [],
          },
          {
            "hasAddendum": false,
            "id": "2.2.2",
            "number": "2.2.2",
            "skillLevels": [
              "L1",
              "L2",
              "L3",
            ],
            "subrules": [],
          },
          {
            "hasAddendum": false,
            "id": "2.2.3",
            "number": "2.2.3",
            "skillLevels": [
              "L1",
              "L2",
              "L3",
            ],
            "subrules": [],
          },
          {
            "hasAddendum": false,
            "id": "2.2.4",
            "number": "2.2.4",
            "skillLevels": [
              "L1",
              "L2",
              "L3",
            ],
            "subrules": [],
          },
          {
            "hasAddendum": false,
            "id": "2.2.5",
            "number": "2.2.5",
            "skillLevels": [
              "L1",
              "L2",
              "L3",
            ],
            "subrules": [],
          },
          {
            "hasAddendum": false,
            "id": "2.2.6",
            "number": "2.2.6",
            "skillLevels": [
              "L1",
              "L2",
              "L3",
            ],
            "subrules": [],
          },
        ],
      },
      {
        "hasAddendum": false,
        "id": "2.3",
        "number": "2.3",
        "skillLevels": [
          "L1",
          "L2",
          "L3",
        ],
        "subrules": [
          {
            "hasAddendum": false,
            "id": "2.3.1",
            "number": "2.3.1",
            "skillLevels": [
              "L1",
              "L2",
              "L3",
            ],
            "subrules": [],
          },
          {
            "hasAddendum": false,
            "id": "2.3.2",
            "number": "2.3.2",
            "skillLevels": [
              "L1",
              "L2",
              "L3",
            ],
            "subrules": [],
          },
        ],
      },
      {
        "hasAddendum": true,
        "id": "2.4",
        "number": "2.4",
        "skillLevels": [
          "L1",
          "L2",
          "L3",
        ],
        "subrules": [
          {
            "hasAddendum": false,
            "id": "2.4.1",
            "number": "2.4.1",
            "skillLevels": [
              "L2",
              "L3",
            ],
            "subrules": [],
          },
          {
            "hasAddendum": false,
            "id": "2.4.2",
            "number": "2.4.2",
            "skillLevels": [
              "L2",
              "L3",
            ],
            "subrules": [],
          },
          {
            "hasAddendum": false,
            "id": "2.4.3",
            "number": "2.4.3",
            "skillLevels": [
              "L2",
              "L3",
            ],
            "subrules": [],
          },
          {
            "hasAddendum": false,
            "id": "2.4.4",
            "number": "2.4.4",
            "skillLevels": [
              "L1",
              "L2",
              "L3",
            ],
            "subrules": [],
          },
        ],
      },
      {
        "hasAddendum": false,
        "id": "2.5",
        "number": "2.5",
        "skillLevels": [
          "L1",
          "L2",
          "L3",
        ],
        "subrules": [
          {
            "hasAddendum": false,
            "id": "2.5.1",
            "number": "2.5.1",
            "skillLevels": [
              "L1",
              "L2",
              "L3",
            ],
            "subrules": [],
          },
        ],
      },
    ],
    "title": "Gameplay",
  },
  {
    "id": "scoring",
    "number": "3",
    "rules": [
      {
        "hasAddendum": false,
        "id": "3.1",
        "number": "3.1",
        "skillLevels": [
          "L1",
          "L2",
          "L3",
        ],
        "subrules": [],
      },
      {
        "hasAddendum": false,
        "id": "3.2",
        "number": "3.2",
        "skillLevels": [
          "L1",
          "L2",
          "L3",
        ],
        "subrules": [
          {
            "hasAddendum": false,
            "id": "3.2.1",
            "number": "3.2.1",
            "skillLevels": [
              "L1",
              "L2",
              "L3",
            ],
            "subrules": [],
          },
        ],
      },
      {
        "hasAddendum": false,
        "id": "3.3",
        "number": "3.3",
        "skillLevels": [
          "L1",
          "L2",
          "L3",
        ],
        "subrules": [],
      },
      {
        "hasAddendum": false,
        "id": "3.4",
        "number": "3.4",
        "skillLevels": [
          "L1",
          "L2",
          "L3",
        ],
        "subrules": [],
      },
      {
        "hasAddendum": false,
        "id": "3.5",
        "number": "3.5",
        "skillLevels": [
          "L1",
          "L2",
          "L3",
        ],
        "subrules": [],
      },
    ],
    "title": "Scoring",
  },
  {
    "id": "penalties",
    "number": "4",
    "rules": [
      {
        "hasAddendum": true,
        "id": "4.1",
        "number": "4.1",
        "skillLevels": [
          "L1",
          "L2",
          "L3",
        ],
        "subrules": [
          {
            "hasAddendum": false,
            "id": "4.1.1",
            "number": "4.1.1",
            "skillLevels": [
              "L2",
              "L3",
            ],
            "subrules": [],
          },
          {
            "hasAddendum": false,
            "id": "4.1.2",
            "number": "4.1.2",
            "skillLevels": [
              "L2",
              "L3",
            ],
            "subrules": [],
          },
          {
            "hasAddendum": false,
            "id": "4.1.3",
            "number": "4.1.3",
            "skillLevels": [
              "L2",
              "L3",
            ],
            "subrules": [],
          },
          {
            "hasAddendum": false,
            "id": "4.1.4",
            "number": "4.1.4",
            "skillLevels": [
              "L2",
              "L3",
            ],
            "subrules": [],
          },
          {
            "hasAddendum": false,
            "id": "4.1.5",
            "number": "4.1.5",
            "skillLevels": [
              "L1",
              "L2",
              "L3",
            ],
            "subrules": [],
          },
        ],
      },
      {
        "hasAddendum": true,
        "id": "4.2",
        "number": "4.2",
        "skillLevels": [
          "L1",
          "L2",
          "L3",
        ],
        "subrules": [
          {
            "hasAddendum": false,
            "id": "4.2.1",
            "number": "4.2.1",
            "skillLevels": [
              "L1",
              "L2",
              "L3",
            ],
            "subrules": [],
          },
          {
            "hasAddendum": false,
            "id": "4.2.2",
            "number": "4.2.2",
            "skillLevels": [
              "L1",
              "L2",
              "L3",
            ],
            "subrules": [],
          },
          {
            "hasAddendum": false,
            "id": "4.2.3",
            "number": "4.2.3",
            "skillLevels": [
              "L1",
              "L2",
              "L3",
            ],
            "subrules": [],
          },
          {
            "hasAddendum": false,
            "id": "4.2.4",
            "number": "4.2.4",
            "skillLevels": [
              "L1",
              "L2",
              "L3",
            ],
            "subrules": [],
          },
        ],
      },
      {
        "hasAddendum": true,
        "id": "4.3",
        "number": "4.3",
        "skillLevels": [
          "L1",
          "L2",
          "L3",
        ],
        "subrules": [
          {
            "hasAddendum": false,
            "id": "4.3.1",
            "number": "4.3.1",
            "skillLevels": [
              "L1",
              "L2",
              "L3",
            ],
            "subrules": [],
          },
        ],
      },
      {
        "hasAddendum": false,
        "id": "4.4",
        "number": "4.4",
        "skillLevels": [
          "L1",
          "L2",
          "L3",
        ],
        "subrules": [
          {
            "hasAddendum": false,
            "id": "4.4.1",
            "number": "4.4.1",
            "skillLevels": [
              "L1",
              "L2",
              "L3",
            ],
            "subrules": [],
          },
          {
            "hasAddendum": false,
            "id": "4.4.2",
            "number": "4.4.2",
            "skillLevels": [
              "L1",
              "L2",
              "L3",
            ],
            "subrules": [],
          },
          {
            "hasAddendum": false,
            "id": "4.4.3",
            "number": "4.4.3",
            "skillLevels": [
              "L1",
              "L2",
              "L3",
            ],
            "subrules": [],
          },
          {
            "hasAddendum": false,
            "id": "4.4.4",
            "number": "4.4.4",
            "skillLevels": [
              "L1",
              "L2",
              "L3",
            ],
            "subrules": [],
          },
        ],
      },
      {
        "hasAddendum": true,
        "id": "4.5",
        "number": "4.5",
        "skillLevels": [
          "L1",
          "L2",
          "L3",
        ],
        "subrules": [
          {
            "hasAddendum": false,
            "id": "4.5.1",
            "number": "4.5.1",
            "skillLevels": [
              "L1",
              "L2",
              "L3",
            ],
            "subrules": [],
          },
        ],
      },
    ],
    "title": "Penalties",
  },
  {
    "id": "officiating",
    "number": "5",
    "rules": [
      {
        "hasAddendum": false,
        "id": "5.1",
        "number": "5.1",
        "skillLevels": [
          "L1",
          "L2",
          "L3",
        ],
        "subrules": [
          {
            "hasAddendum": false,
            "id": "5.1.1",
            "number": "5.1.1",
            "skillLevels": [
              "L1",
              "L2",
              "L3",
            ],
            "subrules": [],
          },
          {
            "hasAddendum": false,
            "id": "5.1.2",
            "number": "5.1.2",
            "skillLevels": [
              "L1",
              "L2",
              "L3",
            ],
            "subrules": [],
          },
        ],
      },
      {
        "hasAddendum": false,
        "id": "5.2",
        "number": "5.2",
        "skillLevels": [
          "L1",
          "L2",
          "L3",
        ],
        "subrules": [],
      },
      {
        "hasAddendum": false,
        "id": "5.3",
        "number": "5.3",
        "skillLevels": [
          "L1",
          "L2",
          "L3",
        ],
        "subrules": [
          {
            "hasAddendum": false,
            "id": "5.3.1",
            "number": "5.3.1",
            "skillLevels": [
              "L1",
              "L2",
              "L3",
            ],
            "subrules": [],
          },
        ],
      },
      {
        "hasAddendum": false,
        "id": "5.4",
        "number": "5.4",
        "skillLevels": [
          "L1",
          "L2",
          "L3",
        ],
        "subrules": [
          {
            "hasAddendum": false,
            "id": "5.4.1",
            "number": "5.4.1",
            "skillLevels": [
              "L1",
              "L2",
              "L3",
            ],
            "subrules": [],
          },
          {
            "hasAddendum": false,
            "id": "5.4.2",
            "number": "5.4.2",
            "skillLevels": [
              "L1",
              "L2",
              "L3",
            ],
            "subrules": [],
          },
          {
            "hasAddendum": false,
            "id": "5.4.3",
            "number": "5.4.3",
            "skillLevels": [
              "L1",
              "L2",
              "L3",
            ],
            "subrules": [],
          },
        ],
      },
    ],
    "title": "Officiating",
  },
]
`;
